{
  "numberOfFamilyMembers": 3,
  "questionsPerMember": [
    {
      "personBeingAsked": true,
      "relationship": "married",
      "name": "eee",
      "age": 13,
      "gender": "male",
      "levelOfEducation": "none",
      "gradeAchieved": "Primaria 1ro",
      "employmentStatus": "no"
    },
    {
      "personBeingAsked": true,
      "relationship": "married",
      "name": "eee",
      "age": 43,
      "gender": "male",
      "levelOfEducation": "none",
      "gradeAchieved": "Primaria 1ro",
      "employmentStatus": "no"
    },
    {
      "personBeingAsked": true,
      "relationship": "married",
      "name": "ddd,
      "age": 23,
      "gender": "male",
      "levelOfEducation": "none",
      "gradeAchieved": "Primaria 1ro",
      "employmentStatus": "yes"
    }
  ]
}
